{
  "total" : 2,
  "monitors" : [ {
    "metrics" : {
      "metricshub.connector.status" : {
        "name" : "metricshub.connector.status",
        "collectTime" : 1698248031818,
        "previousCollectTime" : 1698248031818,
        "attributes" : { },
        "resetMetricTime" : false,
        "value" : "failed",
        "previousValue" : "failed",
        "stateSet" : [ "failed", "ok" ],
        "type" : "StateSetMetric",
        "updated" : false
      },
      "hw.status{hw.type=\"connector\", state=\"present\"}" : {
        "name" : "hw.status{hw.type=\"connector\", state=\"present\"}",
        "collectTime" : 1698248045382,
        "previousCollectTime" : 1698248031818,
        "attributes" : {
          "state" : "present",
          "hw.type" : "connector"
        },
        "resetMetricTime" : false,
        "value" : 1.0,
        "previousValue" : 1.0,
        "type" : "NumberMetric",
        "updated" : true
      }
    },
    "attributes" : {
      "hw.parent.id" : "localhost",
      "name" : "DellOpenManage",
      "connector_id" : "DellOpenManage",
      "description" : "This connector provides hardware monitoring through the Dell OpenManage Server Administrator SNMP agent which supports almost all Dell PowerEdge servers.",
      "applies_to_os" : "[LINUX, WINDOWS]",
      "id" : "DellOpenManage"
    },
    "conditionalCollection" : { },
    "legacyTextParameters" : { },
    "alertRules" : { },
    "resource" : null,
    "discoveryTime" : 1698248031818,
    "type" : "connector",
    "id" : "connector_DellOpenManage",
    "endpoint" : false,
    "endpointHost" : false
  }, {
    "metrics" : {
      "hw.status{hw.type=\"host\", state=\"present\"}" : {
        "name" : "hw.status{hw.type=\"host\", state=\"present\"}",
        "collectTime" : 1698248045382,
        "previousCollectTime" : 1698248031818,
        "attributes" : {
          "state" : "present",
          "hw.type" : "host"
        },
        "resetMetricTime" : false,
        "value" : 1.0,
        "previousValue" : 1.0,
        "type" : "NumberMetric",
        "updated" : true
      }
    },
    "attributes" : {
      "location" : "local",
      "name" : "localhost",
      "id" : "localhost",
      "is_endpoint" : "true"
    },
    "conditionalCollection" : { },
    "legacyTextParameters" : { },
    "alertRules" : { },
    "resource" : {
      "type" : "host",
      "attributes" : {
        "os.type" : "linux",
        "host.id" : "localhost",
        "host.type" : "compute",
        "host.name" : "localhost",
        "agent.host.name" : "blahblah"
      }
    },
    "discoveryTime" : 1698248045382,
    "type" : "host",
    "id" : "localhost",
    "endpoint" : true,
    "endpointHost" : true
  } ]
}